22:18:03 **** Incremental Build of configuration Debug for project 4-DigitSevenSegment_Display ****
make -j4 all 
arm-none-eabi-gcc "../Core/Src/main.c" -mcpu=cortex-m0plus -std=gnu11 -g3 -DDEBUG -DUSE_HAL_DRIVER -DSTM32G071xx -c -I../Core/Inc -I../Drivers/STM32G0xx_HAL_Driver/Inc -I../Drivers/STM32G0xx_HAL_Driver/Inc/Legacy -I../Drivers/CMSIS/Device/ST/STM32G0xx/Include -I../Drivers/CMSIS/Include -O0 -ffunction-sections -fdata-sections -Wall -fstack-usage -MMD -MP -MF"Core/Src/main.d" -MT"Core/Src/main.o" --specs=nano.specs -mfloat-abi=soft -mthumb -o "Core/Src/main.o"
arm-none-eabi-gcc -o "4-DigitSevenSegment_Display.elf" @"objects.list"   -mcpu=cortex-m0plus -T"E:\STM32_Tutorials\STM32_Nucleo64_Workspace\4-DigitSevenSegment_Display\STM32G071RBTX_FLASH.ld" --specs=nosys.specs -Wl,-Map="4-DigitSevenSegment_Display.map" -Wl,--gc-sections -static --specs=nano.specs -mfloat-abi=soft -mthumb -Wl,--start-group -lc -lm -Wl,--end-group
Finished building target: 4-DigitSevenSegment_Display.elf
 
arm-none-eabi-objdump -h -S  4-DigitSevenSegment_Display.elf  > "4-DigitSevenSegment_Display.list"
arm-none-eabi-objcopy  -O binary  4-DigitSevenSegment_Display.elf  "4-DigitSevenSegment_Display.bin"
arm-none-eabi-size   4-DigitSevenSegment_Display.elf 
   text	   data	    bss	    dec	    hex	filename
   6244	     32	   1592	   7868	   1ebc	4-DigitSevenSegment_Display.elf
Finished building: default.size.stdout
Finished building: 4-DigitSevenSegment_Display.list
Finished building: 4-DigitSevenSegment_Display.bin
 
 
 

22:18:13 Build Finished. 0 errors, 0 warnings. (took 10s.500ms)

