17:01:18 **** Incremental Build of configuration Debug for project UART_printf ****
make -j4 all 
arm-none-eabi-gcc "../Core/Src/main.c" -mcpu=cortex-m0plus -std=gnu11 -g3 -DDEBUG -DUSE_HAL_DRIVER -DSTM32G071xx -c -I../Core/Inc -I../Drivers/STM32G0xx_HAL_Driver/Inc -I../Drivers/STM32G0xx_HAL_Driver/Inc/Legacy -I../Drivers/CMSIS/Device/ST/STM32G0xx/Include -I../Drivers/CMSIS/Include -O0 -ffunction-sections -fdata-sections -Wall -fstack-usage -MMD -MP -MF"Core/Src/main.d" -MT"Core/Src/main.o" --specs=nano.specs -mfloat-abi=soft -mthumb -o "Core/Src/main.o"
arm-none-eabi-gcc -o "UART_printf.elf" @"objects.list"   -mcpu=cortex-m0plus -T"E:\STM32_Tutorials\STM32_Nucleo64_Workspace\UART_printf\STM32G071RBTX_FLASH.ld" --specs=nosys.specs -Wl,-Map="UART_printf.map" -Wl,--gc-sections -static -u_printf_float --specs=nano.specs -mfloat-abi=soft -mthumb -Wl,--start-group -lc -lm -Wl,--end-group
Finished building target: UART_printf.elf
 
arm-none-eabi-objdump -h -S  UART_printf.elf  > "UART_printf.list"
arm-none-eabi-objcopy  -O binary  UART_printf.elf  "UART_printf.bin"
arm-none-eabi-size   UART_printf.elf 
   text	   data	    bss	    dec	    hex	filename
  31188	    484	   1740	  33412	   8284	UART_printf.elf
Finished building: default.size.stdout
Finished building: UART_printf.bin
 
 
Finished building: UART_printf.list
 
17:01:26 **** Incremental Build of configuration Debug for project UART_printf ****
make -j4 all 
arm-none-eabi-size   UART_printf.elf 
   text	   data	    bss	    dec	    hex	filename
  31188	    484	   1740	  33412	   8284	UART_printf.elf
Finished building: default.size.stdout
 
